// Jest Snapshot v1, https://goo.gl/fbAQLP

exports[`Pass should render 1`] = `
<div>
  Home
</div>
`;
